INFO:root:this is normal info about the software
WARNING:root:there is empty list here
ERROR:root:some error has happened
CRITICAL:root:the software is stopped running
INFO:root:this is info
WARNING:root:there is warning msg
INFO:root:this is info
WARNING:root:there is warning msg
INFO:root:this is info
WARNING:root:there is warning msg
INFO:root:this is info
WARNING:root:there is warning msg
